============================= test session starts =============================
platform win32 -- Python 3.11.9, pytest-9.0.2, pluggy-1.6.0
rootdir: C:\Users\tusik\Desktop\уник\bak usi\DevWayfinder
configfile: pyproject.toml
plugins: anyio-4.12.1, asyncio-1.3.0, cov-7.0.0, mock-3.15.1, respx-0.22.0
asyncio: mode=Mode.AUTO, debug=False, asyncio_default_fixture_loop_scope=None, asyncio_default_test_loop_scope=function
collected 302 items

tests\test_analyzers.py ................................................ [ 15%]
                                                                         [ 15%]
tests\test_cache.py .............................                        [ 25%]
tests\test_cli.py .................                                      [ 31%]
tests\test_core.py .............                                         [ 35%]
tests\test_coverage_gaps.py ......................                       [ 42%]
tests\test_final_coverage.py .......                                     [ 45%]
tests\test_generators.py .....................                           [ 51%]
tests\test_git_analyzer.py .....................                         [ 58%]
tests\test_integration.py .............                                  [ 63%]
tests\test_mermaid.py .........................                          [ 71%]
tests\test_metrics.py .................................                  [ 82%]
tests\test_providers.py ......                                           [ 84%]
tests\test_start_here.py ...................                             [ 90%]
tests\test_summarizers.py ............................                   [100%]

============================= 302 passed in 8.46s =============================
